// Jest Snapshot v1, https://goo.gl/fbAQLP

exports[`<Navbar /> should have colored background 1`] = `
.c0 {
  display: -webkit-box;
  display: -webkit-flex;
  display: -ms-flexbox;
  display: flex;
  -webkit-box-pack: center;
  -webkit-justify-content: center;
  -ms-flex-pack: center;
  justify-content: center;
  position: fixed;
  top: 0;
  background-color: #111112;
  font-family: "Montserrat",sans-serif;
  width: 100%;
  z-index: 999;
  -webkit-transition: background-color 200ms ease-in;
  transition: background-color 200ms ease-in;
  box-shadow: 0px 2px 20px #131313cc;
}

<header
  class="c0"
  data-testid="nav-background"
  style="padding: 5vh 0px;"
/>
`;

exports[`<Navbar /> should have logo, nav links with transparent background 1`] = `
.c0 {
  display: -webkit-box;
  display: -webkit-flex;
  display: -ms-flexbox;
  display: flex;
  -webkit-box-pack: center;
  -webkit-justify-content: center;
  -ms-flex-pack: center;
  justify-content: center;
  position: fixed;
  top: 0;
  background-color: transparent;
  font-family: "Montserrat",sans-serif;
  width: 100%;
  z-index: 999;
  -webkit-transition: background-color 200ms ease-in;
  transition: background-color 200ms ease-in;
  box-shadow: none;
}

.c1 {
  display: -webkit-box;
  display: -webkit-flex;
  display: -ms-flexbox;
  display: flex;
  -webkit-box-pack: justify;
  -webkit-justify-content: space-between;
  -ms-flex-pack: justify;
  justify-content: space-between;
  width: 80%;
  -webkit-flex-wrap: wrap;
  -ms-flex-wrap: wrap;
  flex-wrap: wrap;
  -webkit-align-items: center;
  -webkit-box-align: center;
  -ms-flex-align: center;
  align-items: center;
}

.c2 {
  cursor: pointer;
  color: white;
  font-size: clamp(1.8rem,0.8vw,6rem);
  font-weight: 400;
  -webkit-text-decoration: none;
  text-decoration: none;
  text-align: center;
}

.c3 {
  display: -webkit-box;
  display: -webkit-flex;
  display: -ms-flexbox;
  display: flex;
  -webkit-box-pack: justify;
  -webkit-justify-content: space-between;
  -ms-flex-pack: justify;
  justify-content: space-between;
  color: #ffffff;
  position: relative;
  width: 25%;
  min-width: 320px;
  -webkit-align-items: center;
  -webkit-box-align: center;
  -ms-flex-align: center;
  align-items: center;
}

.c4 {
  color: #ffffff;
  font-size: clamp(1.4rem,0.8vw,6rem);
  font-weight: 100;
  -webkit-letter-spacing: 0.2rem;
  -moz-letter-spacing: 0.2rem;
  -ms-letter-spacing: 0.2rem;
  letter-spacing: 0.2rem;
  -webkit-text-decoration: none;
  text-decoration: none;
  text-align: center;
  position: relative;
  cursor: pointer;
}

.c4::after {
  content: "";
  position: absolute;
  border-bottom: 0.019rem solid white;
  bottom: 0;
  left: 0;
  width: 100%;
  -webkit-transform-origin: right;
  -ms-transform-origin: right;
  transform-origin: right;
  -webkit-transform: scaleX(0);
  -ms-transform: scaleX(0);
  transform: scaleX(0);
  -webkit-transition: -webkit-transform 250ms ease-in;
  -webkit-transition: transform 250ms ease-in;
  transition: transform 250ms ease-in;
}

.c4:hover::after {
  -webkit-transform: scaleX(1);
  -ms-transform: scaleX(1);
  transform: scaleX(1);
  -webkit-transform-origin: left;
  -ms-transform-origin: left;
  transform-origin: left;
}

@media screen and (max-width:768px) {
  .c4 {
    padding: 2rem 0rem;
  }

  .c4:hover::after {
    -webkit-transform: scaleX(0);
    -ms-transform: scaleX(0);
    transform: scaleX(0);
  }
}

<header
  class="c0"
  data-testid="nav-background"
  style="padding: 5vh 0px;"
>
  <div
    class="c1"
  >
    <a
      aria-current="page"
      class="c2 active"
      href="/"
    >
      Some logo here
    </a>
    <nav
      class="c3"
      data-testid="nav-menu"
    >
      <a
        class="c4"
        href="/about"
      >
        Link one
      </a>
      <a
        class="c4"
        href="/contact"
      >
        Link two
      </a>
      <a
        class="c4"
        href="/services"
      >
        Link three
      </a>
    </nav>
  </div>
</header>
`;
