// Jest Snapshot v1, https://goo.gl/fbAQLP

exports[`should render hero component 1`] = `
<section
  class="sc-bdnxRM kDgKQe"
  data-testid="hero-container"
>
  <div
    class="sc-gtsrHT hUrVza"
  >
    <img
      alt="image-background"
      class="sc-dlnjwi iGfLot"
      src="hero-bg@2x.png"
    />
  </div>
  <div
    class="sc-hKFxyN jhIZwn"
  >
    <h1
      class="sc-eCApnc qgAqt"
    >
      Photography is the story I fail to put into words.
    </h1>
  </div>
  <div
    class="sc-jSFjdj eivmlX"
    data-testid="explore-line"
  />
</section>
`;
