// Jest Snapshot v1, https://goo.gl/fbAQLP

exports[`should render hero component 1`] = `
<section
  class="sc-bdnxRM gdGlvo"
>
  <div
    class="sc-gtsrHT hUrVza"
  >
    <img
      alt="image-background"
      class="sc-dlnjwi bnBFJT"
      src="hero-bg@2x.png"
    />
  </div>
  <h1
    class="sc-eCApnc efgXHd"
  >
    <span
      class="sc-hKFxyN jCbYLT"
    >
      Hero section
    </span>
  </h1>
</section>
`;
