// Jest Snapshot v1, https://goo.gl/fbAQLP

exports[`<StreetPhoto /> should not render <StreetPhoto /> in smaller devices 1`] = `null`;

exports[`<StreetPhoto /> should render <StreetPhoto /> with populated data 1`] = `
<section
  class="sc-bdnxRM bsFTzP"
  data-testid="str-photo-component"
>
  <div
    class="sc-gtsrHT ddkkmo"
  >
    <div
      class="sc-dlnjwi btuzzQ"
    >
      <span
        class="sc-eCApnc dSsPLM"
      >
        COMMUNITY, LOVE, RESPECT
      </span>
      <h1
        class="sc-hKFxyN kUsgN"
      >
        Lorem Ipsum Dolor Amet, Consetetur
      </h1>
      <span
        class="sc-eCApnc dSsPLM"
      >
        Food Charity - Sikh
      </span>
    </div>
    <div
      class="sc-jSFjdj jLyRav"
      data-testid="img-1"
      style="transform: translateY(-200px) translateZ(0);"
    >
      <div
        class="sc-pNWdM eJEWdO"
        src="stp_1.jpg"
      />
    </div>
    <div
      class="sc-gKAaRy itvfrD"
      data-testid="img-2"
      style="transform: translateY(200px) translateZ(0);"
    >
      <div
        class="sc-pNWdM eKRVuN"
        src="stp_2.jpg"
      />
    </div>
    <div
      class="sc-iCoGMd kqTfZr"
      data-testid="img-3"
      style="transform: translateY(100px) translateZ(0);"
    >
      <div
        class="sc-pNWdM hXrTco"
        src="stp_3.jpg"
      />
    </div>
    <div
      class="sc-fujyAs iEWNjx"
      data-testid="img-4"
      style="transform: translateY(-100px) translateZ(0);"
    >
      <div
        class="sc-pNWdM fjYhQP"
        src="stp_4.jpg"
      />
    </div>
  </div>
</section>
`;
