// Jest Snapshot v1, https://goo.gl/fbAQLP

exports[`<ImageBlock /> should render <ImageBlock /> with the passed data 1`] = `
<picture
  class="sc-bdnxRM"
>
  <source
    class="sc-gtsrHT"
    type="image/webp"
  />
  <source
    class="sc-gtsrHT"
  />
  <img
    alt="Some kind of picture"
    class="sc-dlnjwi nsrng"
  />
</picture>
`;
