// Jest Snapshot v1, https://goo.gl/fbAQLP

exports[`<About /> should render <About /> 1`] = `
<section
  class="sc-bdnxRM qUFjo"
>
  <p
    class="sc-jrsJWt cegScC"
  >
    Some description
  </p>
  <div
    class="sc-jSFjdj kiORHR"
  >
    <div
      class="sc-iCoGMd cGIZQj"
      src="nico_bkg.jpg"
    />
  </div>
  <div
    class="sc-gKAaRy eUytbn"
    data-testid="img-rotate"
    style="transform: rotate(-8deg) translateZ(0);"
  >
    <div
      class="sc-iCoGMd fargQz"
      src="nico_img_2.jpg"
    />
  </div>
</section>
`;
